\BOOKMARK [0][]{titulo.0}{\376\377\000F\000a\000c\000e\000\040\000P\000a\000g\000e}{}% 1
\BOOKMARK [0][]{cip.0}{\376\377\000C\000a\000t\000a\000l\000o\000g\000i\000n\000g\000-\000i\000n\000-\000P\000u\000b\000l\000i\000c\000a\000t\000i\000o\000n}{}% 2
\BOOKMARK [0][]{aprovacao.0}{\376\377\000T\000h\000e\000s\000i\000s\000\040\000C\000o\000m\000m\000i\000t\000t\000e\000e\000\040\000C\000o\000m\000p\000o\000s\000i\000t\000i\000o\000n\000:}{}% 3
\BOOKMARK [0][]{dedication.0}{\376\377\000D\000e\000d\000i\000c\000a\000t\000i\000o\000n}{}% 4
\BOOKMARK [0][]{acknowledgment.0}{\376\377\000A\000c\000k\000n\000o\000w\000l\000e\000d\000g\000m\000e\000n\000t\000s}{}% 5
\BOOKMARK [0][]{epigrafe.0}{\376\377\000E\000p\000i\000g\000r\000a\000p\000h}{}% 6
\BOOKMARK [0][]{resumo.0}{\376\377\000R\000e\000s\000u\000m\000o}{}% 7
\BOOKMARK [0][]{abstract.0}{\376\377\000A\000b\000s\000t\000r\000a\000c\000t}{}% 8
\BOOKMARK [0][]{listafiguras.0}{\376\377\000L\000i\000s\000t\000\040\000o\000f\000\040\000F\000i\000g\000u\000r\000e\000s}{}% 9
\BOOKMARK [0][]{listatabelas.0}{\376\377\000L\000i\000s\000t\000\040\000o\000f\000\040\000T\000a\000b\000l\000e\000s}{}% 10
\BOOKMARK [0][]{listaabreviaturas.0}{\376\377\000L\000i\000s\000t\000\040\000o\000f\000\040\000A\000b\000b\000r\000e\000v\000i\000a\000t\000i\000o\000n\000s\000\040\000a\000n\000d\000\040\000A\000c\000r\000o\000n\000y\000m\000s}{}% 11
\BOOKMARK [0][]{listasimbolos.0}{\376\377\000L\000i\000s\000t\000\040\000o\000f\000\040\000S\000y\000m\000b\000o\000l\000s}{}% 12
\BOOKMARK [0][]{contents.0}{\376\377\000C\000o\000n\000t\000e\000n\000t\000s}{}% 13
\BOOKMARK [0][]{chapter.1}{\376\377\0001\000\040\000I\000n\000t\000r\000o\000d\000u\000c\000t\000i\000o\000n}{}% 14
\BOOKMARK [1][]{section.1.1}{\376\377\0001\000.\0001\000\040\000O\000b\000j\000e\000c\000t\000i\000v\000e}{chapter.1}% 15
\BOOKMARK [1][]{section.1.2}{\376\377\0001\000.\0002\000\040\000M\000o\000t\000i\000v\000a\000t\000i\000o\000n}{chapter.1}% 16
\BOOKMARK [1][]{section.1.3}{\376\377\0001\000.\0003\000\040\000C\000o\000n\000t\000r\000i\000b\000u\000t\000i\000o\000n\000\040\000o\000f\000\040\000t\000h\000e\000\040\000W\000o\000r\000k}{chapter.1}% 17
\BOOKMARK [1][]{section.1.4}{\376\377\0001\000.\0004\000\040\000L\000i\000t\000e\000r\000a\000t\000u\000r\000e\000\040\000R\000e\000v\000i\000e\000w}{chapter.1}% 18
\BOOKMARK [1][]{section.1.5}{\376\377\0001\000.\0005\000\040\000O\000r\000g\000a\000n\000i\000z\000a\000t\000i\000o\000n}{chapter.1}% 19
\BOOKMARK [0][]{chapter.2}{\376\377\0002\000\040\000T\000h\000e\000o\000r\000e\000t\000i\000c\000a\000l\000\040\000B\000a\000c\000k\000g\000r\000o\000u\000n\000d}{}% 20
\BOOKMARK [1][]{section.2.1}{\376\377\0002\000.\0001\000\040\000D\000i\000g\000i\000t\000a\000l\000\040\000I\000m\000a\000g\000e\000s}{chapter.2}% 21
\BOOKMARK [1][]{section.2.2}{\376\377\0002\000.\0002\000\040\000M\000a\000c\000h\000i\000n\000e\000\040\000L\000e\000a\000r\000n\000i\000n\000g}{chapter.2}% 22
\BOOKMARK [1][]{section.2.3}{\376\377\0002\000.\0003\000\040\000N\000e\000u\000r\000a\000l\000\040\000N\000e\000t\000w\000o\000r\000k\000s}{chapter.2}% 23
\BOOKMARK [1][]{section.2.4}{\376\377\0002\000.\0004\000\040\000C\000o\000n\000v\000o\000l\000u\000t\000i\000o\000n\000a\000l\000\040\000N\000e\000u\000r\000a\000l\000\040\000N\000e\000t\000w\000o\000r\000k\000s}{chapter.2}% 24
\BOOKMARK [2][]{subsection.2.4.1}{\376\377\0002\000.\0004\000.\0001\000\040\000C\000o\000n\000v\000o\000l\000u\000t\000i\000o\000n}{section.2.4}% 25
\BOOKMARK [2][]{subsection.2.4.2}{\376\377\0002\000.\0004\000.\0002\000\040\000P\000o\000o\000l\000i\000n\000g}{section.2.4}% 26
\BOOKMARK [1][]{section.2.5}{\376\377\0002\000.\0005\000\040\000G\000r\000a\000d\000i\000e\000n\000t\000\040\000D\000e\000s\000c\000e\000n\000t}{chapter.2}% 27
\BOOKMARK [1][]{section.2.6}{\376\377\0002\000.\0006\000\040\000B\000a\000c\000k\000p\000r\000o\000p\000a\000g\000a\000t\000i\000o\000n\000\040\000A\000l\000g\000o\000r\000i\000t\000h\000m}{chapter.2}% 28
\BOOKMARK [1][]{section.2.7}{\376\377\0002\000.\0007\000\040\000S\000t\000o\000c\000h\000a\000s\000t\000i\000c\000\040\000G\000r\000a\000d\000i\000e\000n\000t\000\040\000D\000e\000s\000c\000e\000n\000t\000\040\000A\000l\000g\000o\000r\000i\000t\000h\000m}{chapter.2}% 29
\BOOKMARK [1][]{section.2.8}{\376\377\0002\000.\0008\000\040\000O\000b\000j\000e\000c\000t\000\040\000D\000e\000t\000e\000c\000t\000i\000o\000n}{chapter.2}% 30
\BOOKMARK [2][]{subsection.2.8.1}{\376\377\0002\000.\0008\000.\0001\000\040\000I\000o\000U}{section.2.8}% 31
\BOOKMARK [2][]{subsection.2.8.2}{\376\377\0002\000.\0008\000.\0002\000\040\000M\000e\000a\000n\000\040\000A\000v\000e\000r\000a\000g\000e\000\040\000P\000r\000e\000c\000i\000s\000i\000o\000n}{section.2.8}% 32
\BOOKMARK [1][]{section.2.9}{\376\377\0002\000.\0009\000\040\000Y\000O\000L\000O\000\040\000-\000\040\000Y\000o\000u\000\040\000O\000n\000l\000y\000\040\000L\000o\000o\000k\000\040\000O\000n\000c\000e}{chapter.2}% 33
\BOOKMARK [1][]{section.2.10}{\376\377\0002\000.\0001\0000\000\040\000K\000a\000l\000m\000a\000n\000\040\000F\000i\000l\000t\000e\000r}{chapter.2}% 34
\BOOKMARK [1][]{section.2.11}{\376\377\0002\000.\0001\0001\000\040\000G\000i\000m\000b\000a\000l\000\040\000S\000y\000s\000t\000e\000m}{chapter.2}% 35
\BOOKMARK [2][]{subsection.2.11.1}{\376\377\0002\000.\0001\0001\000.\0001\000\040\000R\000e\000f\000e\000r\000e\000n\000c\000e\000\040\000F\000r\000a\000m\000e\000s}{section.2.11}% 36
\BOOKMARK [2][]{subsection.2.11.2}{\376\377\0002\000.\0001\0001\000.\0002\000\040\000K\000i\000n\000e\000m\000a\000t\000i\000c\000s}{section.2.11}% 37
\BOOKMARK [2][]{subsection.2.11.3}{\376\377\0002\000.\0001\0001\000.\0003\000\040\000F\000r\000i\000c\000t\000i\000o\000n\000\040\000M\000o\000d\000e\000l}{section.2.11}% 38
\BOOKMARK [2][]{subsection.2.11.4}{\376\377\0002\000.\0001\0001\000.\0004\000\040\000G\000i\000m\000b\000a\000l\000\040\000D\000y\000n\000a\000m\000i\000c\000s}{section.2.11}% 39
\BOOKMARK [0][]{chapter.3}{\376\377\0003\000\040\000O\000b\000j\000e\000c\000t\000\040\000T\000r\000a\000c\000k\000i\000n\000g\000\040\000S\000y\000s\000t\000e\000m}{}% 40
\BOOKMARK [1][]{section.3.1}{\376\377\0003\000.\0001\000\040\000A\000r\000c\000h\000i\000t\000e\000c\000t\000u\000r\000e}{chapter.3}% 41
\BOOKMARK [1][]{section.3.2}{\376\377\0003\000.\0002\000\040\000I\000m\000a\000g\000e\000\040\000A\000c\000q\000u\000i\000s\000i\000t\000i\000o\000n}{chapter.3}% 42
\BOOKMARK [1][]{section.3.3}{\376\377\0003\000.\0003\000\040\000O\000b\000j\000e\000c\000t\000\040\000D\000e\000t\000e\000c\000t\000i\000o\000n\000\040\000A\000l\000g\000o\000r\000i\000t\000h\000m}{chapter.3}% 43
\BOOKMARK [1][]{section.3.4}{\376\377\0003\000.\0004\000\040\000S\000t\000a\000t\000e\000\040\000E\000s\000t\000i\000m\000a\000t\000i\000o\000n}{chapter.3}% 44
\BOOKMARK [2][]{subsection.3.4.1}{\376\377\0003\000.\0004\000.\0001\000\040\000P\000o\000s\000t\000\040\000F\000i\000l\000t\000e\000r\000\040\000P\000r\000o\000c\000e\000s\000s\000i\000n\000g}{section.3.4}% 45
\BOOKMARK [1][]{section.3.5}{\376\377\0003\000.\0005\000\040\000G\000i\000m\000b\000a\000l\000\040\000M\000o\000d\000e\000l}{chapter.3}% 46
\BOOKMARK [2][]{subsection.3.5.1}{\376\377\0003\000.\0005\000.\0001\000\040\000R\000o\000t\000a\000t\000i\000o\000n\000a\000l\000\040\000A\000x\000e\000s}{section.3.5}% 47
\BOOKMARK [2][]{subsection.3.5.2}{\376\377\0003\000.\0005\000.\0002\000\040\000E\000l\000e\000c\000t\000r\000i\000c\000a\000l\000\040\000M\000o\000t\000o\000r\000s}{section.3.5}% 48
\BOOKMARK [2][]{subsection.3.5.3}{\376\377\0003\000.\0005\000.\0003\000\040\000T\000r\000a\000n\000s\000f\000e\000r\000\040\000F\000u\000n\000c\000t\000i\000o\000n\000s}{section.3.5}% 49
\BOOKMARK [2][]{subsection.3.5.4}{\376\377\0003\000.\0005\000.\0004\000\040\000P\000I\000D\000\040\000C\000o\000n\000t\000r\000o\000l\000l\000e\000r}{section.3.5}% 50
\BOOKMARK [0][]{chapter.4}{\376\377\0004\000\040\000R\000e\000s\000u\000l\000t\000s\000\040\000a\000n\000d\000\040\000D\000i\000s\000c\000u\000s\000s\000i\000o\000n\000s}{}% 51
\BOOKMARK [1][]{section.4.1}{\376\377\0004\000.\0001\000\040\000T\000r\000a\000i\000n\000i\000n\000g\000\040\000Y\000O\000L\000O}{chapter.4}% 52
\BOOKMARK [2][]{subsection.4.1.1}{\376\377\0004\000.\0001\000.\0001\000\040\000D\000a\000t\000a\000s\000e\000t}{section.4.1}% 53
\BOOKMARK [2][]{subsection.4.1.2}{\376\377\0004\000.\0001\000.\0002\000\040\000E\000v\000a\000l\000u\000a\000t\000i\000o\000n\000\040\000o\000f\000\040\000R\000e\000s\000u\000l\000t\000s}{section.4.1}% 54
\BOOKMARK [1][]{section.4.2}{\376\377\0004\000.\0002\000\040\000S\000y\000s\000t\000e\000m\000\040\000P\000e\000r\000f\000o\000r\000m\000a\000n\000c\000e}{chapter.4}% 55
\BOOKMARK [2][]{subsection.4.2.1}{\376\377\0004\000.\0002\000.\0001\000\040\000L\000a\000t\000e\000n\000c\000y}{section.4.2}% 56
\BOOKMARK [2][]{subsection.4.2.2}{\376\377\0004\000.\0002\000.\0002\000\040\000C\000o\000n\000t\000r\000o\000l\000l\000e\000d\000\040\000O\000u\000t\000p\000u\000t}{section.4.2}% 57
\BOOKMARK [0][]{chapter.5}{\376\377\0005\000\040\000C\000o\000n\000c\000l\000u\000s\000i\000o\000n\000s\000\040\000a\000n\000d\000\040\000F\000u\000t\000u\000r\000e\000\040\000W\000o\000r\000k\000s}{}% 58
\BOOKMARK [1][]{section.5.1}{\376\377\0005\000.\0001\000\040\000C\000o\000n\000c\000l\000u\000s\000i\000o\000n\000s}{chapter.5}% 59
\BOOKMARK [1][]{section.5.2}{\376\377\0005\000.\0002\000\040\000F\000u\000t\000u\000r\000e\000\040\000W\000o\000r\000k\000s}{chapter.5}% 60
\BOOKMARK [0][]{chapter.6}{\376\377\000B\000i\000b\000l\000i\000o\000g\000r\000a\000p\000h\000y}{}% 61
\BOOKMARK [0][]{bla.0}{\376\377\000F\000o\000l\000h\000a\000\040\000d\000e\000\040\000R\000e\000g\000i\000s\000t\000r\000o\000\040\000d\000o\000\040\000D\000o\000c\000u\000m\000e\000n\000t\000o}{}% 62
